[flatsome3.uxthemes.com/demos/shop-demos/simple-slider/index.html]
[backblue.gif]
[fade.gif]
[index.html]
[flatsome3.uxthemes.com/wp-content/themes/flatsome/assets/js/flatsome7013.js]
[flatsome3.uxthemes.com/wp-content/themes/flatsome/assets/js/chunk.slider5d63.js]
[flatsome3.uxthemes.com/wp-content/themes/flatsome/assets/js/chunk.popups5d63.js]
[flatsome3.uxthemes.com/wp-content/themes/flatsome/assets/js/chunk.tooltips5d63.js]
[flatsome3.uxthemes.com/wp-content/themes/flatsome/assets/js/woocommerce201f.js]
[flatsome3.uxthemes.com/wp-includes/css/classic-themes.min.css]
[flatsome3.uxthemes.com/wp-content/cache/min/1/wp-content/plugins/contact-form-7/includes/css/styles-d89422df18d813e0db7d653b15adfcb2.css]
[flatsome3.uxthemes.com/wp-content/cache/min/1/wp-content/plugins/yith-woocommerce-wishlist/assets/css/jquery.selectBox-e9201a6b9b3e63f6e439a1405379e5b3.css]
[flatsome3.uxthemes.com/demos/shop-demos/simple-slider/feed/index.html]
[flatsome3.uxthemes.com/wp-content/cache/min/1/wp-content/themes/flatsome/inc/integrations/wc-yith-wishlist/wishlist-63f145f84c3bd1429ad7cd029c03d556.css]
[flatsome3.uxthemes.com/wp-content/cache/min/1/wp-content/themes/flatsome/assets/css/flatsome-decc1c539c4ae21021625c907828ff8b.css]
[flatsome3.uxthemes.com/wp-content/cache/min/1/wp-content/themes/flatsome/assets/css/flatsome-shop-929503c3ea9758ed5ece6f257b1e3803.css]
[flatsome3.uxthemes.com/wp-content/cache/busting/1/wp-includes/js/jquery/jquery.min-3.6.4.js]
[flatsome3.uxthemes.com/wp-content/uploads/2016/04/cropped-logo_example-280x280.png]
[flatsome3.uxthemes.com/wp-content/themes/flatsome/assets/img/logo.png]
[flatsome3.uxthemes.com/wp-content/uploads/2016/09/logo-light.png]
[flatsome3.uxthemes.com/wp-content/uploads/2017/11/custom-image-1.jpg]
[flatsome3.uxthemes.com/wp-content/uploads/2016/07/buisness2-1000x600.jpg]
[flatsome3.uxthemes.com/wp-content/uploads/2016/07/fashion2-1000x425.jpg]
[flatsome3.uxthemes.com/wp-content/uploads/2016/07/fashionSlider-1000x425.jpg]
[flatsome3.uxthemes.com/cdn-cgi/scripts/5c5dd728/cloudflare-static/email-decode.min.js]
[flatsome3.uxthemes.com/wp-content/cache/busting/1/wp-includes/js/dist/vendor/wp-polyfill-inert.min-3.1.2.js]
[flatsome3.uxthemes.com/demos/shop-demos/simple-slider/index123d.html]
[flatsome3.uxthemes.com/demos/shop-demos/simple-slider/index3c5b.html]
[flatsome3.uxthemes.com/wp-content/cache/busting/1/wp-includes/js/dist/vendor/regenerator-runtime.min-0.13.11.js]
[flatsome3.uxthemes.com/demos/shop-demos/simple-slider/index1dcf.html]
[flatsome3.uxthemes.com/demos/shop-demos/simple-slider/index4504.html]
[flatsome3.uxthemes.com/demos/shop-demos/simple-slider/index132f.html]
[flatsome3.uxthemes.com/wp-content/cache/busting/1/wp-includes/js/dist/vendor/wp-polyfill.min-3.15.0.js]
[flatsome3.uxthemes.com/demos/shop-demos/simple-slider/index7998.html]
[flatsome3.uxthemes.com/wp-content/cache/min/1/wp-content/plugins/contact-form-7/includes/js/index-531ec57678f78bed946252311965eb80.js]
[flatsome3.uxthemes.com/demos/shop-demos/simple-slider/index2a76.html]
[flatsome3.uxthemes.com/demos/shop-demos/simple-slider/indexc468.html]
[flatsome3.uxthemes.com/wp-content/cache/busting/1/wp-content/plugins/woocommerce/assets/js/jquery-blockui/jquery.blockUI.min-2.7.0-wc.7.7.2.js]
[flatsome3.uxthemes.com/wp-content/cache/busting/1/wp-content/plugins/woocommerce/assets/js/frontend/add-to-cart.min-7.7.2.js]
[flatsome3.uxthemes.com/wp-content/cache/busting/1/wp-content/plugins/woocommerce/assets/js/js-cookie/js.cookie.min-2.1.4-wc.7.7.2.js]
[flatsome3.uxthemes.com/wp-content/cache/busting/1/wp-content/plugins/woocommerce/assets/js/frontend/woocommerce.min-7.7.2.js]
[flatsome3.uxthemes.com/wp-content/cache/busting/1/wp-content/plugins/woocommerce/assets/js/frontend/cart-fragments.min-7.7.2.js]
[flatsome3.uxthemes.com/wp-content/cache/busting/1/wp-includes/js/hoverIntent.min-1.10.2.js]
[flatsome3.uxthemes.com/wp-content/cache/min/1/wp-content/themes/flatsome/assets/js/flatsome-c1cf76e11a691ccea2dc2cb90f1ea348.js]
[flatsome3.uxthemes.com/wp-content/cache/min/1/wp-content/themes/flatsome/inc/integrations/wc-yith-wishlist/wishlist-b1e939f6a37120498936498bbd7044c9.js]
[flatsome3.uxthemes.com/wp-content/cache/min/1/wp-content/themes/flatsome/inc/extensions/flatsome-instant-page/flatsome-instant-page-5275cd70ffe33ad8dae9fb27bd01f06b.js]
[flatsome3.uxthemes.com/wp-content/cache/min/1/wp-content/themes/flatsome/inc/extensions/flatsome-live-search/flatsome-live-search-8fc5caa7e791eac477b19338ed9704a3.js]
[flatsome3.uxthemes.com/wp-content/cache/min/1/wp-content/themes/flatsome/inc/extensions/flatsome-lazy-load/flatsome-lazy-load-2c3faf183048059288af742df519f816.js]
[flatsome3.uxthemes.com/wp-includes/js/comment-reply.min.js]
[flatsome3.uxthemes.com/wp-content/cache/busting/1/wp-content/plugins/woocommerce/assets/js/prettyPhoto/jquery.prettyPhoto.min-3.1.6.js]
[flatsome3.uxthemes.com/wp-content/cache/busting/1/wp-content/plugins/yith-woocommerce-wishlist/assets/js/jquery.selectBox.min-1.2.0.js]
[flatsome3.uxthemes.com/wp-content/cache/busting/1/wp-content/plugins/yith-woocommerce-wishlist/assets/js/jquery.yith-wcwl.min-3.0.22.js]
[flatsome3.uxthemes.com/wp-content/cache/busting/1/wp-includes/js/underscore.min-1.13.4.js]
[flatsome3.uxthemes.com/wp-includes/js/wp-util.min.js]
[flatsome3.uxthemes.com/wp-content/cache/min/1/wp-content/themes/flatsome/assets/js/woocommerce-d6ca7dac8b1f614b682e55f8451c6a1e.js]
[flatsome3.uxthemes.com/wp-content/cache/busting/1/wp-content/plugins/woocommerce/assets/js/frontend/add-to-cart-variation.min-7.7.2.js]
[flatsome3.uxthemes.com/wp-content/cache/busting/1/wp-includes/js/zxcvbn-async.min-1.0.js]
[flatsome3.uxthemes.com/wp-content/cache/busting/1/wp-includes/js/dist/hooks.min-4169d3cf8e8d95a3d6d5.js]
[flatsome3.uxthemes.com/wp-content/cache/busting/1/wp-includes/js/dist/i18n.min-9e794f35a71bb98672ae.js]
[flatsome3.uxthemes.com/wp-admin/js/password-strength-meter.min.js]
[flatsome3.uxthemes.com/wp-content/cache/busting/1/wp-content/plugins/woocommerce/assets/js/frontend/password-strength-meter.min-7.7.2.js]
[www.google-analytics.com/analytics.js]
[flatsome3.uxthemes.com/wp-content/plugins/flatsome-demo/themeforest/emailsupport2.png]
[flatsome3.uxthemes.com/demos/shop-demos/simple-slider/index.html]
[flatsome3.uxthemes.com/wp-includes/css/classic-themes.min.css]
[flatsome3.uxthemes.com/wp-content/cache/min/1/wp-content/plugins/contact-form-7/includes/css/styles-d89422df18d813e0db7d653b15adfcb2.css]
[flatsome3.uxthemes.com/wp-content/plugins/yith-woocommerce-wishlist/assets/images/jquery.selectBox-arrow.gif]
[flatsome3.uxthemes.com/wp-content/cache/min/1/wp-content/plugins/yith-woocommerce-wishlist/assets/css/jquery.selectBox-e9201a6b9b3e63f6e439a1405379e5b3.css]
[flatsome3.uxthemes.com/wp-content/cache/min/1/wp-content/themes/flatsome/inc/integrations/wc-yith-wishlist/wishlist-63f145f84c3bd1429ad7cd029c03d556.css]
[flatsome3.uxthemes.com/wp-content/themes/flatsome/assets/img/shadow@2x.png]
[flatsome3.uxthemes.com/wp-content/themes/flatsome/assets/img/underline.png]
[flatsome3.uxthemes.com/wp-content/cache/min/1/wp-content/themes/flatsome/assets/css/flatsome-decc1c539c4ae21021625c907828ff8b.css]
[flatsome3.uxthemes.com/wp-content/cache/min/1/wp-content/themes/flatsome/assets/css/flatsome-shop-929503c3ea9758ed5ece6f257b1e3803.css]
[flatsome3.uxthemes.com/wp-includes/css/classic-themes.min3781.css]
[flatsome3.uxthemes.com/wp-content/plugins/contact-form-7/includes/css/stylesc225.css]
[flatsome3.uxthemes.com/wp-content/plugins/yith-woocommerce-wishlist/assets/css/jquery.selectBox7359.css]
[flatsome3.uxthemes.com/wp-content/themes/flatsome/inc/integrations/wc-yith-wishlist/wishlist007f.css]
[flatsome3.uxthemes.com/wp-content/themes/flatsome/assets/css/flatsome5d63.css]
[flatsome3.uxthemes.com/wp-content/themes/flatsome/assets/css/flatsome-shop5d63.css]
[flatsome3.uxthemes.com/wp-includes/js/jquery/jquery.min5aed.js]
[flatsome3.uxthemes.com/wp-includes/js/dist/vendor/wp-polyfill-inert.min0226.js]
[flatsome3.uxthemes.com/wp-includes/js/dist/vendor/regenerator-runtime.min8fa4.js]
[flatsome3.uxthemes.com/wp-includes/js/dist/vendor/wp-polyfill.min2c7c.js]
[flatsome3.uxthemes.com/wp-content/plugins/contact-form-7/includes/js/indexc225.js]
[flatsome3.uxthemes.com/wp-content/plugins/woocommerce/assets/js/jquery-blockui/jquery.blockUI.min808e.js]
[flatsome3.uxthemes.com/wp-content/plugins/woocommerce/assets/js/frontend/add-to-cart.min2922.js]
[flatsome3.uxthemes.com/wp-content/plugins/woocommerce/assets/js/js-cookie/js.cookie.minbb76.js]
[flatsome3.uxthemes.com/wp-content/plugins/woocommerce/assets/js/frontend/woocommerce.min2922.js]
[flatsome3.uxthemes.com/wp-content/plugins/woocommerce/assets/js/frontend/cart-fragments.min2922.js]
[flatsome3.uxthemes.com/wp-includes/js/hoverIntent.min3e5a.js]
[flatsome3.uxthemes.com/wp-content/themes/flatsome/inc/integrations/wc-yith-wishlist/wishlist007f.js]
[flatsome3.uxthemes.com/wp-content/themes/flatsome/inc/extensions/flatsome-instant-page/flatsome-instant-page1576.js]
[flatsome3.uxthemes.com/wp-content/themes/flatsome/inc/extensions/flatsome-live-search/flatsome-live-search5d63.js]
[flatsome3.uxthemes.com/wp-content/themes/flatsome/inc/extensions/flatsome-lazy-load/flatsome-lazy-load5d63.js]
[flatsome3.uxthemes.com/wp-includes/js/comment-reply.min3781.js]
[flatsome3.uxthemes.com/wp-content/plugins/woocommerce/assets/js/prettyPhoto/jquery.prettyPhoto.min005e.js]
[flatsome3.uxthemes.com/wp-content/plugins/yith-woocommerce-wishlist/assets/js/jquery.selectBox.min7359.js]
[flatsome3.uxthemes.com/wp-content/plugins/yith-woocommerce-wishlist/assets/js/jquery.yith-wcwl.mind92a.js]
[flatsome3.uxthemes.com/wp-includes/js/underscore.mind584.js]
[flatsome3.uxthemes.com/wp-includes/js/wp-util.min3781.js]
[flatsome3.uxthemes.com/wp-content/plugins/woocommerce/assets/js/frontend/add-to-cart-variation.min2922.js]
[flatsome3.uxthemes.com/wp-includes/js/zxcvbn-async.min5152.js]
[flatsome3.uxthemes.com/wp-includes/js/dist/hooks.min6c65.js]
[flatsome3.uxthemes.com/wp-includes/js/dist/i18n.mine57b.js]
[flatsome3.uxthemes.com/wp-admin/js/password-strength-meter.min3781.js]
[flatsome3.uxthemes.com/demos/shop-demos/simple-slider/index123d.html]
[flatsome3.uxthemes.com/demos/shop-demos/simple-slider/index3c5b.html]
[flatsome3.uxthemes.com/demos/shop-demos/simple-slider/index1dcf.html]
[flatsome3.uxthemes.com/wp-content/plugins/woocommerce/assets/js/frontend/password-strength-meter.min2922.js]
[flatsome3.uxthemes.com/demos/shop-demos/simple-slider/index4504.html]
[flatsome3.uxthemes.com/demos/shop-demos/simple-slider/index132f.html]
[flatsome3.uxthemes.com/demos/shop-demos/simple-slider/index7998.html]
[flatsome3.uxthemes.com/demos/shop-demos/simple-slider/index2a76.html]
[flatsome3.uxthemes.com/demos/shop-demos/simple-slider/indexc468.html]
[flatsome3.uxthemes.com/wp-includes/css/classic-themes.min3781.css]
[flatsome3.uxthemes.com/wp-content/plugins/contact-form-7/includes/css/stylesc225.css]
[flatsome3.uxthemes.com/wp-content/plugins/yith-woocommerce-wishlist/assets/css/jquery.selectBox7359.css]
[flatsome3.uxthemes.com/wp-content/themes/flatsome/inc/integrations/wc-yith-wishlist/wishlist007f.css]
[flatsome3.uxthemes.com/wp-content/themes/flatsome/assets/css/flatsome5d63.css]
[flatsome3.uxthemes.com/wp-content/themes/flatsome/assets/css/flatsome-shop5d63.css]
